// Jest Snapshot v1, https://goo.gl/fbAQLP

exports[`Page component matches snapshot 1`] = `ShallowWrapper {}`;
