// Jest Snapshot v1, https://goo.gl/fbAQLP

exports[`Pagination component matches snapshot 1`] = `ShallowWrapper {}`;
